\BOOKMARK [1][-]{section.1}{\376\377\000P\000r\000o\000b\000l\000e\000m\000\040\000S\000t\000a\000t\000e\000m\000e\000n\000t}{}% 1
\BOOKMARK [1][-]{section.2}{\376\377\000B\000a\000c\000k\000g\000r\000o\000u\000n\000d\000\040\000a\000n\000d\000\040\000C\000u\000r\000r\000e\000n\000t\000\040\000A\000r\000c\000h\000i\000t\000e\000c\000t\000u\000r\000e}{}% 2
\BOOKMARK [2][-]{subsection.2.1}{\376\377\000D\000A\000g\000g\000e\000r\000\040\000D\000i\000s\000t\000i\000l\000l\000a\000t\000i\000o\000n\000\040\000P\000i\000p\000e\000l\000i\000n\000e}{section.2}% 3
\BOOKMARK [2][-]{subsection.2.2}{\376\377\000D\000e\000p\000t\000h\000\040\000N\000o\000r\000m\000a\000l\000i\000z\000a\000t\000i\000o\000n\000\040\000P\000i\000p\000e\000l\000i\000n\000e\000s}{section.2}% 4
\BOOKMARK [2][-]{subsection.2.3}{\376\377\000M\000e\000a\000s\000u\000r\000e\000d\000\040\000D\000e\000p\000t\000h\000\040\000E\000s\000t\000i\000m\000a\000t\000i\000o\000n\000\040\000Q\000u\000a\000l\000i\000t\000y}{section.2}% 5
\BOOKMARK [1][-]{section.3}{\376\377\000H\000y\000p\000o\000t\000h\000e\000s\000e\000s}{}% 6
\BOOKMARK [1][-]{section.4}{\376\377\000E\000x\000p\000e\000r\000i\000m\000e\000n\000t\000a\000l\000\040\000D\000e\000s\000i\000g\000n}{}% 7
\BOOKMARK [2][-]{subsection.4.1}{\376\377\000P\000h\000a\000s\000e\000\040\0000\000:\000\040\000O\000r\000a\000c\000l\000e\000\040\000E\000x\000p\000e\000r\000i\000m\000e\000n\000t\000s\000\040\000\050\000C\000r\000i\000t\000i\000c\000a\000l\000\040\000C\000o\000n\000t\000r\000o\000l\000s\000\051}{section.4}% 8
\BOOKMARK [2][-]{subsection.4.2}{\376\377\000P\000h\000a\000s\000e\000\040\0001\000:\000\040\000N\000o\000r\000m\000a\000l\000i\000z\000a\000t\000i\000o\000n\000\040\000S\000w\000e\000e\000p}{section.4}% 9
\BOOKMARK [2][-]{subsection.4.3}{\376\377\000P\000h\000a\000s\000e\000\040\0002\000:\000\040\000D\000e\000p\000t\000h\000\040\000M\000o\000d\000e\000l\000\040\000S\000w\000e\000e\000p}{section.4}% 10
\BOOKMARK [2][-]{subsection.4.4}{\376\377\000P\000h\000a\000s\000e\000\040\0003\000:\000\040\000T\000r\000a\000i\000n\000i\000n\000g\000\040\000H\000y\000p\000e\000r\000p\000a\000r\000a\000m\000e\000t\000e\000r\000\040\000S\000w\000e\000e\000p}{section.4}% 11
\BOOKMARK [2][-]{subsection.4.5}{\376\377\000P\000h\000a\000s\000e\000\040\0004\000:\000\040\000A\000r\000c\000h\000i\000t\000e\000c\000t\000u\000r\000e\000\040\000M\000o\000d\000i\000f\000i\000c\000a\000t\000i\000o\000n\000s}{section.4}% 12
\BOOKMARK [2][-]{subsection.4.6}{\376\377\000P\000h\000a\000s\000e\000\040\0005\000:\000\040\000C\000o\000m\000b\000i\000n\000e\000d\000\040\000B\000e\000s\000t\000\040\000C\000o\000n\000f\000i\000g\000u\000r\000a\000t\000i\000o\000n}{section.4}% 13
\BOOKMARK [1][-]{section.5}{\376\377\000P\000o\000s\000s\000i\000b\000l\000e\000\040\000B\000u\000g\000f\000i\000x\000e\000s\000\040\000t\000o\000\040\000I\000n\000v\000e\000s\000t\000i\000g\000a\000t\000e}{}% 14
\BOOKMARK [1][-]{section.6}{\376\377\000M\000e\000t\000h\000o\000d\000o\000l\000o\000g\000y}{}% 15
\BOOKMARK [2][-]{subsection.6.1}{\376\377\000E\000v\000a\000l\000u\000a\000t\000i\000o\000n\000\040\000M\000e\000t\000r\000i\000c}{section.6}% 16
\BOOKMARK [2][-]{subsection.6.2}{\376\377\000S\000u\000c\000c\000e\000s\000s\000\040\000C\000r\000i\000t\000e\000r\000i\000a}{section.6}% 17
\BOOKMARK [2][-]{subsection.6.3}{\376\377\000T\000r\000a\000i\000n\000i\000n\000g\000\040\000P\000r\000o\000t\000o\000c\000o\000l}{section.6}% 18
\BOOKMARK [2][-]{subsection.6.4}{\376\377\000G\000P\000U\000\040\000A\000l\000l\000o\000c\000a\000t\000i\000o\000n}{section.6}% 19
\BOOKMARK [2][-]{subsection.6.5}{\376\377\000I\000m\000p\000l\000e\000m\000e\000n\000t\000a\000t\000i\000o\000n\000\040\000N\000o\000t\000e\000s\000\040\000f\000o\000r\000\040\000C\000o\000n\000f\000i\000g\000\040\000O\000v\000e\000r\000r\000i\000d\000e\000s}{section.6}% 20
\BOOKMARK [2][-]{subsection.6.6}{\376\377\000M\000o\000n\000i\000t\000o\000r\000i\000n\000g\000\040\000a\000n\000d\000\040\000E\000a\000r\000l\000y\000\040\000S\000t\000o\000p\000p\000i\000n\000g}{section.6}% 21
\BOOKMARK [1][-]{section.7}{\376\377\000E\000x\000e\000c\000u\000t\000i\000o\000n\000\040\000P\000r\000i\000o\000r\000i\000t\000y}{}% 22
\BOOKMARK [1][-]{section.8}{\376\377\000R\000i\000s\000k\000\040\000A\000s\000s\000e\000s\000s\000m\000e\000n\000t}{}% 23
\BOOKMARK [1][-]{section.9}{\376\377\000E\000x\000p\000e\000c\000t\000e\000d\000\040\000T\000i\000m\000e\000l\000i\000n\000e}{}% 24
\BOOKMARK [1][-]{section.10}{\376\377\000A\000p\000p\000e\000n\000d\000i\000x\000:\000\040\000E\000x\000p\000e\000r\000i\000m\000e\000n\000t\000\040\000I\000m\000p\000l\000e\000m\000e\000n\000t\000a\000t\000i\000o\000n\000\040\000D\000e\000t\000a\000i\000l\000s}{}% 25
\BOOKMARK [2][-]{subsection.10.1}{\376\377\000O\0001\000-\000g\000t\000-\000e\000m\000a\000:\000\040\000G\000T\000\040\000D\000e\000p\000t\000h\000\040\000w\000i\000t\000h\000\040\000E\000M\000A\000\040\000N\000o\000r\000m\000a\000l\000i\000z\000a\000t\000i\000o\000n}{section.10}% 26
\BOOKMARK [2][-]{subsection.10.2}{\376\377\000O\0002\000-\000g\000t\000-\000a\000f\000f\000i\000n\000e\000:\000\040\000G\000T\000\040\000D\000e\000p\000t\000h\000\040\000w\000i\000t\000h\000\040\000R\000a\000n\000d\000o\000m\000\040\000A\000f\000f\000i\000n\000e\000\040\000P\000e\000r\000t\000u\000r\000b\000a\000t\000i\000o\000n}{section.10}% 27
\BOOKMARK [2][-]{subsection.10.3}{\376\377\000N\0001\000-\000a\000f\000f\000i\000n\000e\000-\000f\000i\000t\000:\000\040\000P\000r\000e\000-\000c\000o\000m\000p\000u\000t\000e\000d\000\040\000A\000f\000f\000i\000n\000e\000\040\000N\000o\000r\000m\000a\000l\000i\000z\000a\000t\000i\000o\000n}{section.10}% 28
\BOOKMARK [2][-]{subsection.10.4}{\376\377\000N\0005\000-\000r\000u\000n\000n\000i\000n\000g\000-\000m\000e\000a\000n\000s\000t\000d\000:\000\040\000M\000e\000a\000n\000/\000S\000t\000d\000\040\000N\000o\000r\000m\000a\000l\000i\000z\000a\000t\000i\000o\000n}{section.10}% 29
\BOOKMARK [2][-]{subsection.10.5}{\376\377\000D\0002\000-\000r\000e\000l\000a\000t\000i\000v\000e\000-\000i\000n\000v\000:\000\040\000I\000n\000v\000e\000r\000t\000e\000d\000\040\000R\000e\000l\000a\000t\000i\000v\000e\000\040\000M\000o\000d\000e\000l}{section.10}% 30
\BOOKMARK [2][-]{subsection.10.6}{\376\377\000A\0001\000-\000p\000r\000o\000p\000r\000i\000o\000-\000h\000i\000s\000t\000:\000\040\000P\000r\000o\000p\000r\000i\000o\000c\000e\000p\000t\000i\000v\000e\000\040\000H\000i\000s\000t\000o\000r\000y\000\040\000E\000n\000c\000o\000d\000e\000r}{section.10}% 31
\BOOKMARK [2][-]{subsection.10.7}{\376\377\000A\0003\000-\0002\000f\000r\000a\000m\000e\000-\000i\000n\000p\000u\000t\000:\000\040\000T\000w\000o\000-\000C\000h\000a\000n\000n\000e\000l\000\040\000D\000e\000p\000t\000h\000\040\000I\000n\000p\000u\000t}{section.10}% 32
